RuntimeError on 1: Division by zero is not allowed.