SyntaxError on 258: Cannot have more than 255 parameters.