ResolverError on 1: Cannot return from top-level code