Derived.foo()
RuntimeError on 10: Expected 2 arguments but got 4.