RuntimeError on 9: Expected 2 arguments but got 1.