RuntimeError on 5: Undefined property 'doesNotExist'.