ResolverError on 3: Cannot use 'super' in a class with no superclass
ResolverError on 3: Cannot use 'super' in a class with no superclass