ResolverError on 1: Cannot use 'super' outside of a class