SyntaxError on 5: Expected superclass method name.