RuntimeError on 3: Expected 0 arguments but got 3.