RuntimeError on 8: Expected 2 arguments but got 4.