RuntimeError on 5: Expected 2 arguments but got 1.