ResolverError on 3: Cannot return a value from an initializer
ResolverError on 3: Cannot return a value from an initializer