SyntaxError on 3: Expect '{' before function body.