RuntimeError on 6: Expected 2 arguments but got 4.