RuntimeError on 3: Expected 2 arguments but got 1.