ResolverError on 1: A class cannot inherit from itself