ResolverError on 2: A class cannot inherit from itself
ResolverError on 2: A class cannot inherit from itself