ResolverError on 2: Variable with name: a already declared in this scope
ResolverError on 2: Variable with name: a already declared in this scope