ResolverError on 2: Variable with name: arg already declared in this scope