ResolverError on 3: Variable with name: a already declared in this scope
ResolverError on 3: Variable with name: a already declared in this scope