RuntimeError on 1: Undefined variable 'notDefined'.