RuntimeError on 2: Undefined variable 'notDefined'.