ResolverError on 3: Cannot read local variable in its own initializer
ResolverError on 3: Cannot read local variable in its own initializer