LexicalError on 3: Unexpected character |
SyntaxError on 3: Expect ')' after arguments.