RuntimeError on 1: Operands must be numbers for operator -