SyntaxError on 3: Expected expression.
SyntaxError on 3: Expect ';' after expression.