RuntimeError on 6: Can only call functions and classes.