RuntimeError on 2: Only instances have properties.