RuntimeError on 1: Only instances have properties.