RuntimeError on 3: Only instances have properties.