RuntimeError on 1: Undefined variable 'undefined1'.