RuntimeError on 1: Can only call functions and classes.