RuntimeError on 4: Can only call functions and classes.